[backblue.gif]
[fade.gif]
[index.html]
[designstream.co.in/templates/html/job-express/assets/images/home/site-logo.png]
[designstream.co.in/templates/html/job-express/assets/images/home/img1.jpg]
[designstream.co.in/templates/html/job-express/assets/images/home/img2.jpg]
[designstream.co.in/templates/html/job-express/assets/images/home/img3.jpg]
[designstream.co.in/templates/html/job-express/assets/images/home/img4.jpg]
[designstream.co.in/templates/html/job-express/assets/images/home/img5.jpg]
[designstream.co.in/templates/html/job-express/assets/images/home/img6.jpg]
[designstream.co.in/templates/html/job-express/assets/images/home/img7.jpg]
[designstream.co.in/templates/html/job-express/assets/images/home/img8.jpg]
[designstream.co.in/templates/html/job-express/assets/images/home/employe1.png]
[designstream.co.in/templates/html/job-express/assets/images/home/employe2.png]
[designstream.co.in/templates/html/job-express/assets/images/home/employe3.png]
[designstream.co.in/templates/html/job-express/assets/images/home/employe4.png]
[designstream.co.in/templates/html/job-express/assets/images/home/employe5.png]
[designstream.co.in/templates/html/job-express/assets/images/home/employe6.png]
[designstream.co.in/templates/html/job-express/assets/images/home/t1.png]
[designstream.co.in/templates/html/job-express/assets/images/home/map.png]
[designstream.co.in/templates/html/job-express/assets/images/home/blog1.jpg]
[designstream.co.in/templates/html/job-express/assets/images/home/blog2.jpg]
[designstream.co.in/templates/html/job-express/assets/js/jquery.min.js]
[designstream.co.in/templates/html/job-express/assets/plugins/bootstrap/js/bootstrap.min.js]
[designstream.co.in/templates/html/job-express/assets/plugins/flexslider/jquery.flexslider-min.js]
[designstream.co.in/templates/html/job-express/assets/js/jquery.counterup.min.js]
[designstream.co.in/templates/html/job-express/assets/js/waypoints.min.js]
[designstream.co.in/templates/html/job-express/assets/js/counter.js]
[designstream.co.in/templates/html/job-express/assets/js/flexslider.js]
[designstream.co.in/templates/html/job-express/assets/js/common.js]
[designstream.co.in/templates/html/job-express/index.html]
[fonts.googleapis.com/cssad13.css]
[designstream.co.in/templates/html/job-express/index-2.html]
[designstream.co.in/templates/html/job-express/assets/images/candidates/candidate-1.png]
[designstream.co.in/templates/html/job-express/assets/images/candidates/candidate-2.png]
[designstream.co.in/templates/html/job-express/assets/images/candidates/candidate-3.png]
[designstream.co.in/templates/html/job-express/assets/images/candidates/candidate-4.png]
[designstream.co.in/templates/html/job-express/assets/images/candidates/candidate-5.png]
[designstream.co.in/templates/html/job-express/manage_application.html]
[designstream.co.in/templates/html/job-express/manage_job.html]
[designstream.co.in/templates/html/job-express/job_listing.html]
[designstream.co.in/templates/html/job-express/assets/images/job-logo.jpg]
[designstream.co.in/templates/html/job-express/job.html]
[designstream.co.in/templates/html/job-express/employe_detail.html]
[designstream.co.in/templates/html/job-express/employe_list.html]
[designstream.co.in/templates/html/job-express/assets/plugins/wysihtml5/wysihtml5-0.3.0.js]
[designstream.co.in/templates/html/job-express/assets/js/wysihtml.js]
[designstream.co.in/templates/html/job-express/post.html]
[designstream.co.in/templates/html/job-express/assets/js/file.js]
[designstream.co.in/templates/html/job-express/assets/images/candidates/candidate-6.png]
[designstream.co.in/templates/html/job-express/assets/images/candidates/candidate-7.png]
[designstream.co.in/templates/html/job-express/candidates.html]
[designstream.co.in/templates/html/job-express/resume.html]
[designstream.co.in/templates/html/job-express/assets/images/candidates/candidate-8.png]
[designstream.co.in/templates/html/job-express/about.html]
[designstream.co.in/templates/html/job-express/resume2.html]
[designstream.co.in/templates/html/job-express/faq.html]
[designstream.co.in/templates/html/job-express/price_table.html]
[designstream.co.in/templates/html/job-express/contact.html]
[designstream.co.in/templates/html/job-express/login.html]
[designstream.co.in/templates/html/job-express/assets/images/man1.png]
[fonts.googleapis.com/cssecbd.css]
[designstream.co.in/templates/html/job-express/assets/plugins/bootstrap/css/bootstrap.min.css]
[designstream.co.in/templates/html/job-express/assets/plugins/flexslider/fonts/flexslider-icon.woff]
[designstream.co.in/templates/html/job-express/assets/plugins/flexslider/flexslider.css]
[designstream.co.in/templates/html/job-express/assets/plugins/font-awesome/fonts/fontawesome-webfont3e6e.eot]
[designstream.co.in/templates/html/job-express/assets/plugins/font-awesome/fonts/fontawesome-webfontd41d.eot]
[designstream.co.in/templates/html/job-express/assets/plugins/font-awesome/fonts/fontawesome-webfont3e6e.woff2]
[designstream.co.in/templates/html/job-express/assets/plugins/font-awesome/fonts/fontawesome-webfont3e6e.woff]
[designstream.co.in/templates/html/job-express/assets/plugins/font-awesome/fonts/fontawesome-webfont3e6e.ttf]
[designstream.co.in/templates/html/job-express/assets/plugins/font-awesome/css/font-awesome.min.css]
[designstream.co.in/templates/html/job-express/assets/plugins/themify/font/themify9f24.eot]
[designstream.co.in/templates/html/job-express/assets/plugins/themify/font/themifyd41d.eot]
[designstream.co.in/templates/html/job-express/assets/plugins/themify/font/themify9f24.woff]
[designstream.co.in/templates/html/job-express/assets/plugins/themify/font/themify9f24.ttf]
[designstream.co.in/templates/html/job-express/assets/plugins/themify/themify-icons.css]
[designstream.co.in/templates/html/job-express/assets/images/home/site-banner.jpg]
[designstream.co.in/templates/html/job-express/assets/images/home/bg.jpg]
[designstream.co.in/templates/html/job-express/assets/images/home/bg2.jpg]
[designstream.co.in/templates/html/job-express/assets/images/home/quote.png]
[designstream.co.in/templates/html/job-express/assets/images/home/man.jpg]
[designstream.co.in/templates/html/job-express/assets/images/home/footer-bg.jpg]
[designstream.co.in/templates/html/job-express/assets/images/login/banner_bg.jpg]
[designstream.co.in/templates/html/job-express/assets/images/about/about-banner.jpg]
[designstream.co.in/templates/html/job-express/assets/images/about/text-sep.png]
[designstream.co.in/templates/html/job-express/assets/images/about/banner.jpg]
[designstream.co.in/templates/html/job-express/assets/images/listing-banner.jpg]
[designstream.co.in/templates/html/job-express/assets/images/employer-banner.jpg]
[designstream.co.in/templates/html/job-express/assets/images/post-banner.jpg]
[designstream.co.in/templates/html/job-express/assets/images/pricing/price-banner.jpg]
[designstream.co.in/templates/html/job-express/assets/css/style.css]
[designstream.co.in/templates/html/job-express/assets/css/responsive.css]
[designstream.co.in/templates/html/job-express/manage_application.html]
[designstream.co.in/templates/html/job-express/assets/plugins/wysihtml5/spr_toolbar_icons_r1.png]
[designstream.co.in/templates/html/job-express/assets/plugins/wysihtml5/wysihtml5.css]
[fonts.googleapis.com/cssecbd.css]
[designstream.co.in/templates/html/job-express/assets/plugins/bootstrap/fonts/glyphicons-halflings-regular.html]
[designstream.co.in/templates/html/job-express/assets/plugins/bootstrap/fonts/glyphicons-halflings-regulard41d.html]
[designstream.co.in/templates/html/job-express/assets/plugins/bootstrap/fonts/glyphicons-halflings-regular-2.html]
[designstream.co.in/templates/html/job-express/assets/plugins/bootstrap/fonts/glyphicons-halflings-regular-3.html]
[designstream.co.in/templates/html/job-express/assets/plugins/bootstrap/fonts/glyphicons-halflings-regular-4.html]
[designstream.co.in/templates/html/job-express/assets/plugins/bootstrap/fonts/glyphicons-halflings-regular-5.html]
[designstream.co.in/templates/html/job-express/assets/plugins/flexslider/fonts/flexslider-icon.html]
[designstream.co.in/templates/html/job-express/assets/plugins/flexslider/fonts/flexslider-icond41d.html]
[designstream.co.in/templates/html/job-express/assets/plugins/flexslider/fonts/flexslider-icon-2.html]
[designstream.co.in/templates/html/job-express/assets/plugins/flexslider/fonts/flexslider-icon.svg]
[designstream.co.in/templates/html/job-express/assets/plugins/font-awesome/fonts/fontawesome-webfont3e6e.svg]
[designstream.co.in/templates/html/job-express/assets/plugins/themify/font/themify9f24.svg]
